============================================================
ALLOYDB DATA MIGRATION RUNNER
============================================================
Started: 2026-09-03 02:00:21

============================================================
STARTING: Employee Migration
Script: /Users/shaswaatfomra/Alloy_DB_Migration/migrate_emp_db.py
Started: 2026-09-03 02:00:21.581149
============================================================
/Users/shaswaatfomra/Alloy_DB_Migration/.venv/lib/python3.9/site-packages/google/auth/__init__.py:54: FutureWarning: You are using a Python version 3.9 past its end of life. Google will update google-auth with critical bug fixes on a best-effort basis, but not with any other fixes or features. Please upgrade your Python version, and then update google-auth.
  warnings.warn(eol_message.format("3.9"), FutureWarning)
/Users/shaswaatfomra/Alloy_DB_Migration/.venv/lib/python3.9/site-packages/google/oauth2/__init__.py:40: FutureWarning: You are using a Python version 3.9 past its end of life. Google will update google-auth with critical bug fixes on a best-effort basis, but not with any other fixes or features. Please upgrade your Python version, and then update google-auth.
  warnings.warn(eol_message.format("3.9"), FutureWarning)
/Users/shaswaatfomra/Alloy_DB_Migration/.venv/lib/python3.9/site-packages/urllib3/__init__.py:35: NotOpenSSLWarning: urllib3 v2 only supports OpenSSL 1.1.1+, currently the 'ssl' module is compiled with 'LibreSSL 2.8.3'. See: https://github.com/urllib3/urllib3/issues/3020
  warnings.warn(
============================================================
EMPLOYEE DATABASE MIGRATION
Google Sheets -> AlloyDB
============================================================

[1/3] Connecting to Google Sheets...
Google Sheet connected successfully.
Rows found: 371

Sheet columns:
['Employee Code', 'Full name', 'Work email', 'Department', 'Designation', 'Reporting manager', 'Date of joining', 'Status']

Preparing employee records...
Valid employee records: 371
Invalid employee records: 0

[2/3] Connecting to AlloyDB...
Traceback (most recent call last):
  File "/Users/shaswaatfomra/Alloy_DB_Migration/migrate_emp_db.py", line 476, in <module>
    main()
  File "/Users/shaswaatfomra/Alloy_DB_Migration/migrate_emp_db.py", line 390, in main
    connection = connect_to_alloydb()
  File "/Users/shaswaatfomra/Alloy_DB_Migration/migrate_emp_db.py", line 229, in connect_to_alloydb
    connection = psycopg2.connect(
  File "/Users/shaswaatfomra/Alloy_DB_Migration/.venv/lib/python3.9/site-packages/psycopg2/__init__.py", line 122, in connect
    conn = _connect(dsn, connection_factory=connection_factory, **kwasync)
psycopg2.OperationalError: connection to server at "35.239.110.182", port 5432 failed: timeout expired


FAILED: Employee Migration
Duration: 0:17:39.545320

Migration pipeline stopped because a migration failed.

============================================================
MIGRATION RUN SUMMARY
============================================================
Successful: 0
Failed: 1
  ✗ Employee Migration

Total duration: 0:17:39.548390
Log saved to: /Users/shaswaatfomra/Alloy_DB_Migration/logs/migration_20260903_020021.log
============================================================
MIGRATION RUN FAILED
