============================================================
ALLOYDB DATA MIGRATION RUNNER
============================================================
Started: 2026-09-04 02:09:14

============================================================
STARTING: Employee Migration
Script: /Users/shaswaatfomra/Alloy_DB_Migration/migrate_emp_db.py
Started: 2026-09-04 02:09:14.021832
============================================================
/Users/shaswaatfomra/Alloy_DB_Migration/.venv/lib/python3.9/site-packages/google/auth/__init__.py:54: FutureWarning: You are using a Python version 3.9 past its end of life. Google will update google-auth with critical bug fixes on a best-effort basis, but not with any other fixes or features. Please upgrade your Python version, and then update google-auth.
  warnings.warn(eol_message.format("3.9"), FutureWarning)
/Users/shaswaatfomra/Alloy_DB_Migration/.venv/lib/python3.9/site-packages/google/oauth2/__init__.py:40: FutureWarning: You are using a Python version 3.9 past its end of life. Google will update google-auth with critical bug fixes on a best-effort basis, but not with any other fixes or features. Please upgrade your Python version, and then update google-auth.
  warnings.warn(eol_message.format("3.9"), FutureWarning)
/Users/shaswaatfomra/Alloy_DB_Migration/.venv/lib/python3.9/site-packages/urllib3/__init__.py:35: NotOpenSSLWarning: urllib3 v2 only supports OpenSSL 1.1.1+, currently the 'ssl' module is compiled with 'LibreSSL 2.8.3'. See: https://github.com/urllib3/urllib3/issues/3020
  warnings.warn(
============================================================
EMPLOYEE DATABASE MIGRATION
Google Sheets -> AlloyDB
============================================================

[1/3] Connecting to Google Sheets...
Google Sheet connected successfully.
Rows found: 371

Sheet columns:
['Employee Code', 'Full name', 'Work email', 'Department', 'Designation', 'Reporting manager', 'Date of joining', 'Status']

Preparing employee records...
Valid employee records: 371
Invalid employee records: 0

[2/3] Connecting to AlloyDB...
AlloyDB connected successfully.

[3/3] Migrating 371 employees...

============================================================
MIGRATION COMPLETED SUCCESSFULLY
============================================================
Employees migrated: 371
Rows skipped: 0

AlloyDB connection closed.

COMPLETED: Employee Migration
Duration: 0:00:42.202004

============================================================
STARTING: Project Migration
Script: /Users/shaswaatfomra/Alloy_DB_Migration/migrate_project_db.py
Started: 2026-09-04 02:09:56.224084
============================================================
/Users/shaswaatfomra/Alloy_DB_Migration/.venv/lib/python3.9/site-packages/google/auth/__init__.py:54: FutureWarning: You are using a Python version 3.9 past its end of life. Google will update google-auth with critical bug fixes on a best-effort basis, but not with any other fixes or features. Please upgrade your Python version, and then update google-auth.
  warnings.warn(eol_message.format("3.9"), FutureWarning)
/Users/shaswaatfomra/Alloy_DB_Migration/.venv/lib/python3.9/site-packages/google/oauth2/__init__.py:40: FutureWarning: You are using a Python version 3.9 past its end of life. Google will update google-auth with critical bug fixes on a best-effort basis, but not with any other fixes or features. Please upgrade your Python version, and then update google-auth.
  warnings.warn(eol_message.format("3.9"), FutureWarning)
/Users/shaswaatfomra/Alloy_DB_Migration/.venv/lib/python3.9/site-packages/urllib3/__init__.py:35: NotOpenSSLWarning: urllib3 v2 only supports OpenSSL 1.1.1+, currently the 'ssl' module is compiled with 'LibreSSL 2.8.3'. See: https://github.com/urllib3/urllib3/issues/3020
  warnings.warn(
============================================================
PROJECT DATABASE MIGRATION
Google Sheets -> AlloyDB
Project Data + Embeddings
============================================================

[1/3] Connecting to Google Sheets...
Google Sheet connected successfully.
Rows found: 39

Sheet columns:
['Project ID', 'Project Type', 'Project Name', 'Project Description', 'Project Classification', 'Project Manager', 'PM Email', 'Engineering Owner', 'EO Email']

Preparing project records...
Valid project records: 39
Invalid project records: 0

Connecting to AlloyDB...
Traceback (most recent call last):
  File "/Users/shaswaatfomra/Alloy_DB_Migration/migrate_project_db.py", line 878, in <module>
    main()
  File "/Users/shaswaatfomra/Alloy_DB_Migration/migrate_project_db.py", line 839, in main
    migrate_records(
  File "/Users/shaswaatfomra/Alloy_DB_Migration/migrate_project_db.py", line 370, in migrate_records
    connection = psycopg2.connect(
  File "/Users/shaswaatfomra/Alloy_DB_Migration/.venv/lib/python3.9/site-packages/psycopg2/__init__.py", line 122, in connect
    conn = _connect(dsn, connection_factory=connection_factory, **kwasync)
psycopg2.OperationalError: connection to server at "35.239.110.182", port 5432 failed: timeout expired


FAILED: Project Migration
Duration: 0:02:13.033471

Migration pipeline stopped because a migration failed.

============================================================
MIGRATION RUN SUMMARY
============================================================
Successful: 1
  ✓ Employee Migration
Failed: 1
  ✗ Project Migration

Total duration: 0:02:55.237997
Log saved to: /Users/shaswaatfomra/Alloy_DB_Migration/logs/migration_20260904_020914.log
============================================================
MIGRATION RUN FAILED
