============================================================
ALLOYDB DATA MIGRATION RUNNER
============================================================
Started: 2026-08-12 02:37:32
Log file: logs/migration_20260812_023732.log

============================================================
STARTING: Employee Migration
============================================================

------------------------------------------------------------
COMPLETED: Employee Migration
Duration: 0:00:08.633811
------------------------------------------------------------

============================================================
STARTING: Project Migration
============================================================

------------------------------------------------------------
COMPLETED: Project Migration
Duration: 0:00:07.648762
------------------------------------------------------------

============================================================
STARTING: Project Members Migration
============================================================

------------------------------------------------------------
COMPLETED: Project Members Migration
Duration: 0:01:32.106684
------------------------------------------------------------

============================================================
MIGRATION RUN SUMMARY
============================================================
Successful: 3
  ✓ Employee Migration
  ✓ Project Migration
  ✓ Project Members Migration
Failed: 0

Total duration: 0:01:48.391676
Log saved to: logs/migration_20260812_023732.log
============================================================

ALL MIGRATIONS COMPLETED SUCCESSFULLY
============================================================
ALLOYDB DATA MIGRATION RUNNER
============================================================
Started: 2026-09-01 02:00:06
Log file: /Users/shaswaatfomra/Alloy_DB_Migration/logs/migration_20260901_020006.log

============================================================
STARTING: Employee Migration
============================================================

------------------------------------------------------------
COMPLETED: Employee Migration
Duration: 0:00:11.153926
------------------------------------------------------------

============================================================
STARTING: Project Migration
============================================================

------------------------------------------------------------
COMPLETED: Project Migration
Duration: 0:01:46.915082
------------------------------------------------------------

============================================================
STARTING: Project Members Migration
============================================================

------------------------------------------------------------
COMPLETED: Project Members Migration
Duration: 0:01:30.099698
------------------------------------------------------------

============================================================
MIGRATION RUN SUMMARY
============================================================
Successful: 3
  ✓ Employee Migration
  ✓ Project Migration
  ✓ Project Members Migration
Failed: 0

Total duration: 0:03:28.171229
Log saved to: /Users/shaswaatfomra/Alloy_DB_Migration/logs/migration_20260901_020006.log
============================================================

ALL MIGRATIONS COMPLETED SUCCESSFULLY
============================================================
ALLOYDB DATA MIGRATION RUNNER
============================================================
Started: 2026-09-02 02:11:21
Log file: /Users/shaswaatfomra/Alloy_DB_Migration/logs/migration_20260902_021121.log

============================================================
STARTING: Employee Migration
============================================================

!!!!!!!!!!!!!!!!!!!!!!!!!!!!!!!!!!!!!!!!!!!!!!!!!!!!!!!!!!!!
FAILED: Employee Migration
Script: /Users/shaswaatfomra/Alloy_DB_Migration/migrate_emp_db.py
Duration: 0:01:11.340914
!!!!!!!!!!!!!!!!!!!!!!!!!!!!!!!!!!!!!!!!!!!!!!!!!!!!!!!!!!!!

Migration pipeline stopped because a migration failed.

============================================================
MIGRATION RUN SUMMARY
============================================================
Successful: 0
Failed: 1
  ✗ Employee Migration

Total duration: 0:01:11.342444
Log saved to: /Users/shaswaatfomra/Alloy_DB_Migration/logs/migration_20260902_021121.log
============================================================
============================================================
ALLOYDB DATA MIGRATION RUNNER
============================================================
Started: 2026-09-03 02:00:21
Log file: /Users/shaswaatfomra/Alloy_DB_Migration/logs/migration_20260903_020021.log

============================================================
STARTING: Employee Migration
============================================================

!!!!!!!!!!!!!!!!!!!!!!!!!!!!!!!!!!!!!!!!!!!!!!!!!!!!!!!!!!!!
FAILED: Employee Migration
Script: /Users/shaswaatfomra/Alloy_DB_Migration/migrate_emp_db.py
Duration: 0:17:39.545320
!!!!!!!!!!!!!!!!!!!!!!!!!!!!!!!!!!!!!!!!!!!!!!!!!!!!!!!!!!!!

Migration pipeline stopped because a migration failed.

============================================================
MIGRATION RUN SUMMARY
============================================================
Successful: 0
Failed: 1
  ✗ Employee Migration

Total duration: 0:17:39.548390
Log saved to: /Users/shaswaatfomra/Alloy_DB_Migration/logs/migration_20260903_020021.log
============================================================
============================================================
ALLOYDB DATA MIGRATION RUNNER
============================================================
Started: 2026-09-04 02:09:14
Log file: /Users/shaswaatfomra/Alloy_DB_Migration/logs/migration_20260904_020914.log

============================================================
STARTING: Employee Migration
============================================================

------------------------------------------------------------
COMPLETED: Employee Migration
Duration: 0:00:42.202004
------------------------------------------------------------

============================================================
STARTING: Project Migration
============================================================

!!!!!!!!!!!!!!!!!!!!!!!!!!!!!!!!!!!!!!!!!!!!!!!!!!!!!!!!!!!!
FAILED: Project Migration
Script: /Users/shaswaatfomra/Alloy_DB_Migration/migrate_project_db.py
Duration: 0:02:13.033471
!!!!!!!!!!!!!!!!!!!!!!!!!!!!!!!!!!!!!!!!!!!!!!!!!!!!!!!!!!!!

Migration pipeline stopped because a migration failed.

============================================================
MIGRATION RUN SUMMARY
============================================================
Successful: 1
  ✓ Employee Migration
Failed: 1
  ✗ Project Migration

Total duration: 0:02:55.237997
Log saved to: /Users/shaswaatfomra/Alloy_DB_Migration/logs/migration_20260904_020914.log
============================================================
============================================================
ALLOYDB DATA MIGRATION RUNNER
============================================================
Started: 2026-09-05 02:03:08
Log file: /Users/shaswaatfomra/Alloy_DB_Migration/logs/migration_20260905_020308.log

============================================================
STARTING: Employee Migration
============================================================

------------------------------------------------------------
COMPLETED: Employee Migration
Duration: 0:00:09.468910
------------------------------------------------------------

============================================================
STARTING: Project Migration
============================================================

!!!!!!!!!!!!!!!!!!!!!!!!!!!!!!!!!!!!!!!!!!!!!!!!!!!!!!!!!!!!
FAILED: Project Migration
Script: /Users/shaswaatfomra/Alloy_DB_Migration/migrate_project_db.py
Duration: 0:41:49.741323
!!!!!!!!!!!!!!!!!!!!!!!!!!!!!!!!!!!!!!!!!!!!!!!!!!!!!!!!!!!!

Migration pipeline stopped because a migration failed.

============================================================
MIGRATION RUN SUMMARY
============================================================
Successful: 1
  ✓ Employee Migration
Failed: 1
  ✗ Project Migration

Total duration: 0:41:59.211912
Log saved to: /Users/shaswaatfomra/Alloy_DB_Migration/logs/migration_20260905_020308.log
============================================================
============================================================
ALLOYDB DATA MIGRATION RUNNER
============================================================
Started: 2026-09-06 02:02:43
Log file: /Users/shaswaatfomra/Alloy_DB_Migration/logs/migration_20260906_020243.log

============================================================
STARTING: Employee Migration
============================================================

!!!!!!!!!!!!!!!!!!!!!!!!!!!!!!!!!!!!!!!!!!!!!!!!!!!!!!!!!!!!
FAILED: Employee Migration
Script: /Users/shaswaatfomra/Alloy_DB_Migration/migrate_emp_db.py
Duration: 0:00:30.526331
!!!!!!!!!!!!!!!!!!!!!!!!!!!!!!!!!!!!!!!!!!!!!!!!!!!!!!!!!!!!

Migration pipeline stopped because a migration failed.

============================================================
MIGRATION RUN SUMMARY
============================================================
Successful: 0
Failed: 1
  ✗ Employee Migration

Total duration: 0:00:30.528403
Log saved to: /Users/shaswaatfomra/Alloy_DB_Migration/logs/migration_20260906_020243.log
============================================================
============================================================
ALLOYDB DATA MIGRATION RUNNER
============================================================
Started: 2026-09-07 02:03:08
Log file: /Users/shaswaatfomra/Alloy_DB_Migration/logs/migration_20260907_020308.log

============================================================
STARTING: Employee Migration
============================================================

!!!!!!!!!!!!!!!!!!!!!!!!!!!!!!!!!!!!!!!!!!!!!!!!!!!!!!!!!!!!
FAILED: Employee Migration
Script: /Users/shaswaatfomra/Alloy_DB_Migration/migrate_emp_db.py
Duration: 0:01:10.914016
!!!!!!!!!!!!!!!!!!!!!!!!!!!!!!!!!!!!!!!!!!!!!!!!!!!!!!!!!!!!

Migration pipeline stopped because a migration failed.

============================================================
MIGRATION RUN SUMMARY
============================================================
Successful: 0
Failed: 1
  ✗ Employee Migration

Total duration: 0:01:10.938949
Log saved to: /Users/shaswaatfomra/Alloy_DB_Migration/logs/migration_20260907_020308.log
============================================================
